Archive member included to satisfy reference by file (symbol)

/home/max/workspace/to_git/experiments/msx_now/build/bootloader/main/libmain.a(bootloader_start.o)
                              (call_start_cpu)
/home/max/workspace/to_git/experiments/msx_now/build/bootloader/bootloader_support/libbootloader_support.a(bootloader_init.o)
                              /home/max/workspace/to_git/experiments/msx_now/build/bootloader/main/libmain.a(bootloader_start.o) (bootloader_init)
/home/max/workspace/to_git/experiments/msx_now/build/bootloader/bootloader_support/libbootloader_support.a(bootloader_utility.o)
                              /home/max/workspace/to_git/experiments/msx_now/build/bootloader/main/libmain.a(bootloader_start.o) (bootloader_utility_load_partition_table)
/home/max/workspace/to_git/experiments/msx_now/build/bootloader/bootloader_support/libbootloader_support.a(esp_image_format.o)
                              /home/max/workspace/to_git/experiments/msx_now/build/bootloader/bootloader_support/libbootloader_support.a(bootloader_utility.o) (esp_image_load)
/home/max/workspace/to_git/experiments/msx_now/build/bootloader/bootloader_support/libbootloader_support.a(flash_partitions.o)
                              /home/max/workspace/to_git/experiments/msx_now/build/bootloader/bootloader_support/libbootloader_support.a(bootloader_utility.o) (esp_partition_table_basic_verify)
/home/max/workspace/to_git/experiments/msx_now/build/bootloader/bootloader_support/libbootloader_support.a(bootloader_common.o)
                              /home/max/workspace/to_git/experiments/msx_now/build/bootloader/bootloader_support/libbootloader_support.a(bootloader_utility.o) (bootloader_common_ota_select_valid)
/home/max/workspace/to_git/experiments/msx_now/build/bootloader/bootloader_support/libbootloader_support.a(bootloader_flash.o)
                              /home/max/workspace/to_git/experiments/msx_now/build/bootloader/bootloader_support/libbootloader_support.a(bootloader_utility.o) (bootloader_mmap)
/home/max/workspace/to_git/experiments/msx_now/build/bootloader/spi_flash/libspi_flash.a(spi_flash.o)
                              /home/max/workspace/to_git/experiments/msx_now/build/bootloader/bootloader_support/libbootloader_support.a(flash_partitions.o) (g_rom_flashchip)
/home/max/workspace/to_git/experiments/msx_now/build/bootloader/spi_flash/libspi_flash.a(spi_flash_raw.o)
                              /home/max/workspace/to_git/experiments/msx_now/build/bootloader/bootloader_support/libbootloader_support.a(bootloader_flash.o) (spi_flash_get_id_raw)
/home/max/workspace/to_git/experiments/msx_now/build/bootloader/log/liblog.a(log.o)
                              /home/max/workspace/to_git/experiments/msx_now/build/bootloader/bootloader_support/libbootloader_support.a(bootloader_common.o) (esp_log_early_timestamp)
/home/max/workspace/to_git/experiments/msx_now/build/bootloader/esp8266/libesp8266.a(ets_printf.o)
                              /home/max/workspace/to_git/experiments/msx_now/build/bootloader/log/liblog.a(log.o) (ets_vprintf)
/home/max/workspace/to_git/experiments/msx_now/build/bootloader/esp8266/libesp8266.a(crc.o)
                              /home/max/workspace/to_git/experiments/msx_now/build/bootloader/bootloader_support/libbootloader_support.a(bootloader_common.o) (crc32_le)
/home/max/workspace/to_git/experiments/msx_now/build/bootloader/esp8266/libesp8266.a(esp_fast_boot.o)
                              /home/max/workspace/to_git/experiments/msx_now/build/bootloader/bootloader_support/libbootloader_support.a(bootloader_utility.o) (esp_fast_boot_get_info)
/home/max/esp/ESP8266_RTOS_SDK/components/esp8266/lib/libcore.a(phy.o)
                              /home/max/workspace/to_git/experiments/msx_now/build/bootloader/bootloader_support/libbootloader_support.a(bootloader_init.o) (phy_reg_default)

Allocating common symbols
Common symbol       size              file

esp_image_spi_freq_t
                    0x4               /home/max/workspace/to_git/experiments/msx_now/build/bootloader/main/libmain.a(bootloader_start.o)

Discarded input sections

 .text          0x0000000000000000        0x0 /home/max/workspace/to_git/experiments/msx_now/build/bootloader/main/libmain.a(bootloader_start.o)
 .data          0x0000000000000000        0x0 /home/max/workspace/to_git/experiments/msx_now/build/bootloader/main/libmain.a(bootloader_start.o)
 .bss           0x0000000000000000        0x0 /home/max/workspace/to_git/experiments/msx_now/build/bootloader/main/libmain.a(bootloader_start.o)
 .xt.lit        0x0000000000000000       0x18 /home/max/workspace/to_git/experiments/msx_now/build/bootloader/main/libmain.a(bootloader_start.o)
 .xt.prop       0x0000000000000000       0xe4 /home/max/workspace/to_git/experiments/msx_now/build/bootloader/main/libmain.a(bootloader_start.o)
[...]
Memory Configuration

Name             Origin             Length             Attributes
dport0_seg       0x000000003ff00000 0x0000000000000010
dram_seg         0x000000003ffe8000 0x0000000000017c00
iram_seg         0x0000000040100000 0x0000000000008000
*default*        0x0000000000000000 0xffffffffffffffff

Linker script and memory map

START GROUP
LOAD /home/max/workspace/to_git/experiments/msx_now/build/bootloader/main/libmain.a
LOAD /home/max/esp/ESP8266_RTOS_SDK/components/esp8266/lib/libcore.a
LOAD /home/max/workspace/to_git/experiments/msx_now/build/bootloader/bootloader_support/libbootloader_support.a
LOAD /home/max/workspace/to_git/experiments/msx_now/build/bootloader/spi_flash/libspi_flash.a
LOAD /home/max/workspace/to_git/experiments/msx_now/build/bootloader/log/liblog.a
LOAD /home/max/workspace/to_git/experiments/msx_now/build/bootloader/esp8266/libesp8266.a
LOAD /home/max/esp/ESP8266_RTOS_SDK/components/esp8266/lib/libgcc.a
LOAD /home/max/esp/xtensa-lx106-elf/bin/../lib/gcc/xtensa-lx106-elf/8.4.0/../../../../xtensa-lx106-elf/lib/libstdc++.a
LOAD /home/max/esp/xtensa-lx106-elf/bin/../lib/gcc/xtensa-lx106-elf/8.4.0/libgcov.a
END GROUP

.text           0x0000000040100000     0x1f6d
                0x0000000040100000                _stext = .
                0x0000000040100000                _text_start = ABSOLUTE (.)
                0x0000000040100000                . = ALIGN (0x10)
 *(.entry.text)
 *(.init.literal)
 *(.init)
 *(.literal .text .literal.* .text.* .stub .gnu.warning .gnu.linkonce.literal.* .gnu.linkonce.t.*.literal .gnu.linkonce.t.*)
 .literal.selected_boot_partition
                0x0000000040100000        0x0 /home/max/workspace/to_git/experiments/msx_now/build/bootloader/main/libmain.a(bootloader_start.o)
                                          0x4 (size before relaxing)
 .literal.select_image
                0x0000000040100000        0xc /home/max/workspace/to_git/experiments/msx_now/build/bootloader/main/libmain.a(bootloader_start.o)
                                         0x1c (size before relaxing)
 .literal.call_start_cpu
                0x000000004010000c        0x4 /home/max/workspace/to_git/experiments/msx_now/build/bootloader/main/libmain.a(bootloader_start.o)
                                         0x18 (size before relaxing)
 .literal.print_flash_info
                0x0000000040100010       0x5c /home/max/workspace/to_git/experiments/msx_now/build/bootloader/bootloader_support/libbootloader_support.a(bootloader_init.o)
                                         0x7c (size before relaxing)
 .literal.update_flash_config
                0x000000004010006c        0x8 /home/max/workspace/to_git/experiments/msx_now/build/bootloader/bootloader_support/libbootloader_support.a(bootloader_init.o)
                                         0x14 (size before relaxing)
 .literal.bootloader_main
                0x0000000040100074       0x14 /home/max/workspace/to_git/experiments/msx_now/build/bootloader/bootloader_support/libbootloader_support.a(bootloader_init.o)
                                         0x3c (size before relaxing)
 .literal.bootloader_init
                0x0000000040100088        0x8 /home/max/workspace/to_git/experiments/msx_now/build/bootloader/bootloader_support/libbootloader_support.a(bootloader_init.o)
                                         0x10 (size before relaxing)
 .literal.bootloader_utility_start_image
                0x0000000040100090        0x0 /home/max/workspace/to_git/experiments/msx_now/build/bootloader/bootloader_support/libbootloader_support.a(bootloader_utility.o)
                                          0x4 (size before relaxing)
 .literal.log_invalid_app_partition
                0x0000000040100090       0x14 /home/max/workspace/to_git/experiments/msx_now/build/bootloader/bootloader_support/libbootloader_support.a(bootloader_utility.o)
                                         0x20 (size before relaxing)
 .literal.try_load_partition
                0x00000000401000a4        0x8 /home/max/workspace/to_git/experiments/msx_now/build/bootloader/bootloader_support/libbootloader_support.a(bootloader_utility.o)
                                         0x18 (size before relaxing)
 .literal.bootloader_utility_load_partition_table
                0x00000000401000ac       0x58 /home/max/workspace/to_git/experiments/msx_now/build/bootloader/bootloader_support/libbootloader_support.a(bootloader_utility.o)
                                         0x8c (size before relaxing)
 .literal.bootloader_utility_get_selected_boot_partition
                0x0000000040100104       0x38 /home/max/workspace/to_git/experiments/msx_now/build/bootloader/bootloader_support/libbootloader_support.a(bootloader_utility.o)
                                         0x88 (size before relaxing)
 .literal.bootloader_utility_load_boot_image
                0x000000004010013c       0x10 /home/max/workspace/to_git/experiments/msx_now/build/bootloader/bootloader_support/libbootloader_support.a(bootloader_utility.o)
                                         0x4c (size before relaxing)
 .literal.bootloader_utility_load_image
                0x000000004010014c        0x0 /home/max/workspace/to_git/experiments/msx_now/build/bootloader/bootloader_support/libbootloader_support.a(bootloader_utility.o)
                                          0x4 (size before relaxing)
 .literal.should_map
                0x000000004010014c        0x8 /home/max/workspace/to_git/experiments/msx_now/build/bootloader/bootloader_support/libbootloader_support.a(esp_image_format.o)
 .literal.should_load
                0x0000000040100154        0x0 /home/max/workspace/to_git/experiments/msx_now/build/bootloader/bootloader_support/libbootloader_support.a(esp_image_format.o)
                                          0x4 (size before relaxing)
 .literal.verify_image_header
                0x0000000040100154       0x14 /home/max/workspace/to_git/experiments/msx_now/build/bootloader/bootloader_support/libbootloader_support.a(esp_image_format.o)
                                         0x20 (size before relaxing)
 .literal.process_segment_data
                0x0000000040100168        0x8 /home/max/workspace/to_git/experiments/msx_now/build/bootloader/bootloader_support/libbootloader_support.a(esp_image_format.o)
                                         0x14 (size before relaxing)
 .literal.verify_checksum
                0x0000000040100170        0x8 /home/max/workspace/to_git/experiments/msx_now/build/bootloader/bootloader_support/libbootloader_support.a(esp_image_format.o)
                                         0x1c (size before relaxing)
 .literal.process_segment
                0x0000000040100178       0x1c /home/max/workspace/to_git/experiments/msx_now/build/bootloader/bootloader_support/libbootloader_support.a(esp_image_format.o)
                                         0x48 (size before relaxing)
 .literal.esp_image_load
                0x0000000040100194       0x24 /home/max/workspace/to_git/experiments/msx_now/build/bootloader/bootloader_support/libbootloader_support.a(esp_image_format.o)
                                         0x64 (size before relaxing)
 .literal.esp_partition_table_basic_verify
                0x00000000401001b8       0x20 /home/max/workspace/to_git/experiments/msx_now/build/bootloader/bootloader_support/libbootloader_support.a(flash_partitions.o)
                                         0x34 (size before relaxing)
 .literal.bootloader_common_ota_select_crc
                0x00000000401001d8        0x0 /home/max/workspace/to_git/experiments/msx_now/build/bootloader/bootloader_support/libbootloader_support.a(bootloader_common.o)
                                          0x4 (size before relaxing)
 .literal.bootloader_common_ota_select_valid
                0x00000000401001d8        0x0 /home/max/workspace/to_git/experiments/msx_now/build/bootloader/bootloader_support/libbootloader_support.a(bootloader_common.o)
                                          0x4 (size before relaxing)
 .literal.bootloader_flash_read_no_decrypt
                0x00000000401001d8        0x4 /home/max/workspace/to_git/experiments/msx_now/build/bootloader/bootloader_support/libbootloader_support.a(bootloader_flash.o)
 .literal.bootloader_mmap
                0x00000000401001dc       0x30 /home/max/workspace/to_git/experiments/msx_now/build/bootloader/bootloader_support/libbootloader_support.a(bootloader_flash.o)
                                         0x3c (size before relaxing)
 .literal.bootloader_munmap
                0x000000004010020c        0x0 /home/max/workspace/to_git/experiments/msx_now/build/bootloader/bootloader_support/libbootloader_support.a(bootloader_flash.o)
                                          0x8 (size before relaxing)
 .literal.bootloader_flash_read
                0x000000004010020c        0xc /home/max/workspace/to_git/experiments/msx_now/build/bootloader/bootloader_support/libbootloader_support.a(bootloader_flash.o)
                                         0x20 (size before relaxing)
 .literal.bootloader_read_flash_id
                0x0000000040100218        0x8 /home/max/workspace/to_git/experiments/msx_now/build/bootloader/bootloader_support/libbootloader_support.a(bootloader_flash.o)
                                         0x10 (size before relaxing)
 .literal.bootloader_execute_flash_command
                0x0000000040100220        0x4 /home/max/workspace/to_git/experiments/msx_now/build/bootloader/bootloader_support/libbootloader_support.a(bootloader_flash.o)
                                         0x14 (size before relaxing)
 .literal.bootloader_flash_read_sfdp
                0x0000000040100224        0x4 /home/max/workspace/to_git/experiments/msx_now/build/bootloader/bootloader_support/libbootloader_support.a(bootloader_flash.o)
                                         0x14 (size before relaxing)
 .literal.bootloader_flash_xmc_startup
                0x0000000040100228       0x14 /home/max/workspace/to_git/experiments/msx_now/build/bootloader/bootloader_support/libbootloader_support.a(bootloader_flash.o)
                                         0x50 (size before relaxing)
 .literal.spi_user_cmd
                0x000000004010023c        0x4 /home/max/workspace/to_git/experiments/msx_now/build/bootloader/spi_flash/libspi_flash.a(spi_flash.o)
                                          0xc (size before relaxing)
 .literal.special_flash_read_status
                0x0000000040100240        0x0 /home/max/workspace/to_git/experiments/msx_now/build/bootloader/spi_flash/libspi_flash.a(spi_flash.o)
                                          0x4 (size before relaxing)
 .literal.flash_gd25q32c_read_status
                0x0000000040100240        0x0 /home/max/workspace/to_git/experiments/msx_now/build/bootloader/spi_flash/libspi_flash.a(spi_flash.o)
                                          0x4 (size before relaxing)
 .literal.special_flash_write_status
                0x0000000040100240        0x0 /home/max/workspace/to_git/experiments/msx_now/build/bootloader/spi_flash/libspi_flash.a(spi_flash.o)
                                          0x8 (size before relaxing)
 .literal.spi_flash_enable_qio_bit6
                0x0000000040100240        0x0 /home/max/workspace/to_git/experiments/msx_now/build/bootloader/spi_flash/libspi_flash.a(spi_flash.o)
                                          0x4 (size before relaxing)
 .literal.flash_gd25q32c_write_status
                0x0000000040100240        0x0 /home/max/workspace/to_git/experiments/msx_now/build/bootloader/spi_flash/libspi_flash.a(spi_flash.o)
                                          0x4 (size before relaxing)
 .literal.flash_gd25q32c_enable_QIO_mode
                0x0000000040100240        0x0 /home/max/workspace/to_git/experiments/msx_now/build/bootloader/spi_flash/libspi_flash.a(spi_flash.o)
                                          0xc (size before relaxing)
 .literal.en25q16x_read_sfdp
                0x0000000040100240        0x4 /home/max/workspace/to_git/experiments/msx_now/build/bootloader/spi_flash/libspi_flash.a(spi_flash.o)
                                          0x8 (size before relaxing)
 .literal.spi_flash_get_id
                0x0000000040100244        0x0 /home/max/workspace/to_git/experiments/msx_now/build/bootloader/spi_flash/libspi_flash.a(spi_flash.o)
                                          0xc (size before relaxing)
 .literal.spi_flash_read_status
                0x0000000040100244        0x0 /home/max/workspace/to_git/experiments/msx_now/build/bootloader/spi_flash/libspi_flash.a(spi_flash.o)
                                          0xc (size before relaxing)
 .literal.spi_flash_issi_enable_QIO_mode
                0x0000000040100244        0x0 /home/max/workspace/to_git/experiments/msx_now/build/bootloader/spi_flash/libspi_flash.a(spi_flash.o)
                                          0xc (size before relaxing)
 .literal.special_flash_set_mode
                0x0000000040100244        0x0 /home/max/workspace/to_git/experiments/msx_now/build/bootloader/spi_flash/libspi_flash.a(spi_flash.o)
                                          0x8 (size before relaxing)
 .literal.en25q16x_write_volatile_status
                0x0000000040100244        0x0 /home/max/workspace/to_git/experiments/msx_now/build/bootloader/spi_flash/libspi_flash.a(spi_flash.o)
                                         0x14 (size before relaxing)
 .literal.user_spi_flash_dio_to_qio_pre_init
                0x0000000040100244       0x10 /home/max/workspace/to_git/experiments/msx_now/build/bootloader/spi_flash/libspi_flash.a(spi_flash.o)
                                         0x38 (size before relaxing)
 .literal.esp_spi_flash_init
                0x0000000040100254       0x20 /home/max/workspace/to_git/experiments/msx_now/build/bootloader/spi_flash/libspi_flash.a(spi_flash.o)
                                         0x28 (size before relaxing)
 .literal.Cache_Read_Disable_2
                0x0000000040100274        0xc /home/max/workspace/to_git/experiments/msx_now/build/bootloader/spi_flash/libspi_flash.a(spi_flash_raw.o)
                                         0x10 (size before relaxing)
 .literal.Cache_Read_Enable_2
                0x0000000040100280        0x4 /home/max/workspace/to_git/experiments/msx_now/build/bootloader/spi_flash/libspi_flash.a(spi_flash_raw.o)
                                          0xc (size before relaxing)
 .literal.spi_flash_get_id_raw
                0x0000000040100284       0x10 /home/max/workspace/to_git/experiments/msx_now/build/bootloader/spi_flash/libspi_flash.a(spi_flash_raw.o)
                                         0x14 (size before relaxing)
 .literal.spi_flash_read_status_raw
                0x0000000040100294        0x4 /home/max/workspace/to_git/experiments/msx_now/build/bootloader/spi_flash/libspi_flash.a(spi_flash_raw.o)
                                          0xc (size before relaxing)
 .literal.spi_flash_enable_qmode_raw
                0x0000000040100298        0x4 /home/max/workspace/to_git/experiments/msx_now/build/bootloader/spi_flash/libspi_flash.a(spi_flash_raw.o)
                                         0x10 (size before relaxing)
 .literal.spi_user_cmd_raw
                0x000000004010029c       0x64 /home/max/workspace/to_git/experiments/msx_now/build/bootloader/spi_flash/libspi_flash.a(spi_flash_raw.o)
                                         0x84 (size before relaxing)
 .literal.spi_flash_switch_to_qio_raw
                0x0000000040100300        0x8 /home/max/workspace/to_git/experiments/msx_now/build/bootloader/spi_flash/libspi_flash.a(spi_flash_raw.o)
                                          0xc (size before relaxing)
 .literal.uart_putc
                0x0000000040100308        0x8 /home/max/workspace/to_git/experiments/msx_now/build/bootloader/esp8266/libesp8266.a(ets_printf.o)
 .literal.ets_putc
                0x0000000040100310        0x0 /home/max/workspace/to_git/experiments/msx_now/build/bootloader/esp8266/libesp8266.a(ets_printf.o)
                                          0x8 (size before relaxing)
 .literal.ets_vprintf
                0x0000000040100310        0x8 /home/max/workspace/to_git/experiments/msx_now/build/bootloader/esp8266/libesp8266.a(ets_printf.o)
 .literal.crc32_le
                0x0000000040100318        0x4 /home/max/workspace/to_git/experiments/msx_now/build/bootloader/esp8266/libesp8266.a(crc.o)
 .iram1.0.literal
                0x000000004010031c        0x8 /home/max/workspace/to_git/experiments/msx_now/build/bootloader/log/liblog.a(log.o)
 .iram1.1.literal
                0x0000000040100324       0x18 /home/max/workspace/to_git/experiments/msx_now/build/bootloader/log/liblog.a(log.o)
                                         0x30 (size before relaxing)
 .iram1.0.literal
                0x000000004010033c        0x0 /home/max/workspace/to_git/experiments/msx_now/build/bootloader/esp8266/libesp8266.a(ets_printf.o)
                                          0x8 (size before relaxing)
 .text.selected_boot_partition
                0x000000004010033c        0xf /home/max/workspace/to_git/experiments/msx_now/build/bootloader/main/libmain.a(bootloader_start.o)
                                         0x13 (size before relaxing)
 *fill*         0x000000004010034b        0x1 
 .text.select_image
                0x000000004010034c       0x68 /home/max/workspace/to_git/experiments/msx_now/build/bootloader/main/libmain.a(bootloader_start.o)
                                         0x70 (size before relaxing)
 .text.call_start_cpu
                0x00000000401003b4       0x32 /home/max/workspace/to_git/experiments/msx_now/build/bootloader/main/libmain.a(bootloader_start.o)
                                         0x3e (size before relaxing)
                0x00000000401003b4                call_start_cpu
 *fill*         0x00000000401003e6        0x2 
 .text.print_flash_info
                0x00000000401003e8      0x115 /home/max/workspace/to_git/experiments/msx_now/build/bootloader/bootloader_support/libbootloader_support.a(bootloader_init.o)
                                        0x129 (size before relaxing)
 *fill*         0x00000000401004fd        0x3 
 .text.update_flash_config
                0x0000000040100500       0x2b /home/max/workspace/to_git/experiments/msx_now/build/bootloader/bootloader_support/libbootloader_support.a(bootloader_init.o)
                                         0x2f (size before relaxing)
 *fill*         0x000000004010052b        0x1 
 .text.bootloader_main
                0x000000004010052c       0x81 /home/max/workspace/to_git/experiments/msx_now/build/bootloader/bootloader_support/libbootloader_support.a(bootloader_init.o)
                                         0x95 (size before relaxing)
 *fill*         0x00000000401005ad        0x3 
 .text.bootloader_init
                0x00000000401005b0       0x25 /home/max/workspace/to_git/experiments/msx_now/build/bootloader/bootloader_support/libbootloader_support.a(bootloader_init.o)
                                         0x29 (size before relaxing)
                0x00000000401005b0                bootloader_init
 *fill*         0x00000000401005d5        0x3 
 .text.bootloader_utility_start_image
                0x00000000401005d8       0x20 /home/max/workspace/to_git/experiments/msx_now/build/bootloader/bootloader_support/libbootloader_support.a(bootloader_utility.o)
                                         0x24 (size before relaxing)
 .text.log_invalid_app_partition
                0x00000000401005f8       0x4b /home/max/workspace/to_git/experiments/msx_now/build/bootloader/bootloader_support/libbootloader_support.a(bootloader_utility.o)
                                         0x53 (size before relaxing)
 *fill*         0x0000000040100643        0x1 
 .text.try_load_partition
                0x0000000040100644       0x48 /home/max/workspace/to_git/experiments/msx_now/build/bootloader/bootloader_support/libbootloader_support.a(bootloader_utility.o)
                                         0x50 (size before relaxing)
 .text.bootloader_utility_load_partition_table
                0x000000004010068c      0x1a4 /home/max/workspace/to_git/experiments/msx_now/build/bootloader/bootloader_support/libbootloader_support.a(bootloader_utility.o)
                                        0x1c4 (size before relaxing)
                0x000000004010068c                bootloader_utility_load_partition_table
 .text.bootloader_utility_get_selected_boot_partition
                0x0000000040100830      0x18f /home/max/workspace/to_git/experiments/msx_now/build/bootloader/bootloader_support/libbootloader_support.a(bootloader_utility.o)
                                        0x1af (size before relaxing)
                0x0000000040100830                bootloader_utility_get_selected_boot_partition
 *fill*         0x00000000401009bf        0x1 
 .text.bootloader_utility_load_boot_image
                0x00000000401009c0       0xf6 /home/max/workspace/to_git/experiments/msx_now/build/bootloader/bootloader_support/libbootloader_support.a(bootloader_utility.o)
                                        0x11e (size before relaxing)
                0x00000000401009c0                bootloader_utility_load_boot_image
 *fill*         0x0000000040100ab6        0x2 
 .text.bootloader_utility_load_image
                0x0000000040100ab8       0x19 /home/max/workspace/to_git/experiments/msx_now/build/bootloader/bootloader_support/libbootloader_support.a(bootloader_utility.o)
                0x0000000040100ab8                bootloader_utility_load_image
 *fill*         0x0000000040100ad1        0x3 
 .text.should_map
                0x0000000040100ad4       0x15 /home/max/workspace/to_git/experiments/msx_now/build/bootloader/bootloader_support/libbootloader_support.a(esp_image_format.o)
 *fill*         0x0000000040100ae9        0x3 
 .text.should_load
                0x0000000040100aec       0x19 /home/max/workspace/to_git/experiments/msx_now/build/bootloader/bootloader_support/libbootloader_support.a(esp_image_format.o)
                                         0x1d (size before relaxing)
 *fill*         0x0000000040100b05        0x3 
 .text.verify_image_header
                0x0000000040100b08       0x7d /home/max/workspace/to_git/experiments/msx_now/build/bootloader/bootloader_support/libbootloader_support.a(esp_image_format.o)
                                         0x85 (size before relaxing)
 *fill*         0x0000000040100b85        0x3 
 .text.process_segment_data
                0x0000000040100b88       0x89 /home/max/workspace/to_git/experiments/msx_now/build/bootloader/bootloader_support/libbootloader_support.a(esp_image_format.o)
                                         0x91 (size before relaxing)
 *fill*         0x0000000040100c11        0x3 
 .text.verify_checksum
                0x0000000040100c14       0x9c /home/max/workspace/to_git/experiments/msx_now/build/bootloader/bootloader_support/libbootloader_support.a(esp_image_format.o)
                                         0xa0 (size before relaxing)
 .text.process_segment
                0x0000000040100cb0      0x111 /home/max/workspace/to_git/experiments/msx_now/build/bootloader/bootloader_support/libbootloader_support.a(esp_image_format.o)
                                        0x125 (size before relaxing)
 *fill*         0x0000000040100dc1        0x3 
 .text.esp_image_load
                0x0000000040100dc4      0x1d1 /home/max/workspace/to_git/experiments/msx_now/build/bootloader/bootloader_support/libbootloader_support.a(esp_image_format.o)
                                        0x1f5 (size before relaxing)
                0x0000000040100dc4                esp_image_load
 *fill*         0x0000000040100f95        0x3 
 .text.esp_partition_table_basic_verify
                0x0000000040100f98       0xeb /home/max/workspace/to_git/experiments/msx_now/build/bootloader/bootloader_support/libbootloader_support.a(flash_partitions.o)
                0x0000000040100f98                esp_partition_table_basic_verify
 *fill*         0x0000000040101083        0x1 
 .text.bootloader_common_ota_select_crc
                0x0000000040101084       0x18 /home/max/workspace/to_git/experiments/msx_now/build/bootloader/bootloader_support/libbootloader_support.a(bootloader_common.o)
                0x0000000040101084                bootloader_common_ota_select_crc
 .text.bootloader_common_ota_select_valid
                0x000000004010109c       0x2c /home/max/workspace/to_git/experiments/msx_now/build/bootloader/bootloader_support/libbootloader_support.a(bootloader_common.o)
                0x000000004010109c                bootloader_common_ota_select_valid
 .text.bootloader_flash_read_no_decrypt
                0x00000000401010c8       0x15 /home/max/workspace/to_git/experiments/msx_now/build/bootloader/bootloader_support/libbootloader_support.a(bootloader_flash.o)
 *fill*         0x00000000401010dd        0x3 
 .text.bootloader_mmap
                0x00000000401010e0       0xa6 /home/max/workspace/to_git/experiments/msx_now/build/bootloader/bootloader_support/libbootloader_support.a(bootloader_flash.o)
                0x00000000401010e0                bootloader_mmap
 *fill*         0x0000000040101186        0x2 
 .text.bootloader_munmap
                0x0000000040101188       0x23 /home/max/workspace/to_git/experiments/msx_now/build/bootloader/bootloader_support/libbootloader_support.a(bootloader_flash.o)
                0x0000000040101188                bootloader_munmap
 *fill*         0x00000000401011ab        0x1 
 .text.bootloader_flash_read
                0x00000000401011ac       0x62 /home/max/workspace/to_git/experiments/msx_now/build/bootloader/bootloader_support/libbootloader_support.a(bootloader_flash.o)
                                         0x65 (size before relaxing)
                0x00000000401011ac                bootloader_flash_read
 *fill*         0x000000004010120e        0x2 
 .text.bootloader_read_flash_id
                0x0000000040101210       0x2d /home/max/workspace/to_git/experiments/msx_now/build/bootloader/bootloader_support/libbootloader_support.a(bootloader_flash.o)
                0x0000000040101210                bootloader_read_flash_id
 *fill*         0x000000004010123d        0x3 
 .text.bootloader_execute_flash_command
                0x0000000040101240       0x4d /home/max/workspace/to_git/experiments/msx_now/build/bootloader/bootloader_support/libbootloader_support.a(bootloader_flash.o)
                                         0x51 (size before relaxing)
                0x0000000040101240                bootloader_execute_flash_command
 *fill*         0x000000004010128d        0x3 
 .text.bootloader_flash_read_sfdp
                0x0000000040101290       0x51 /home/max/workspace/to_git/experiments/msx_now/build/bootloader/bootloader_support/libbootloader_support.a(bootloader_flash.o)
                                         0x55 (size before relaxing)
                0x0000000040101290                bootloader_flash_read_sfdp
 *fill*         0x00000000401012e1        0x3 
 .text.bootloader_flash_xmc_startup
                0x00000000401012e4       0xb8 /home/max/workspace/to_git/experiments/msx_now/build/bootloader/bootloader_support/libbootloader_support.a(bootloader_flash.o)
                                         0xdc (size before relaxing)
                0x00000000401012e4                bootloader_flash_xmc_startup
 .text.spi_user_cmd
                0x000000004010139c       0x4d /home/max/workspace/to_git/experiments/msx_now/build/bootloader/spi_flash/libspi_flash.a(spi_flash.o)
                0x000000004010139c                spi_user_cmd
 *fill*         0x00000000401013e9        0x3 
 .text.special_flash_read_status
                0x00000000401013ec       0x39 /home/max/workspace/to_git/experiments/msx_now/build/bootloader/spi_flash/libspi_flash.a(spi_flash.o)
                                         0x3d (size before relaxing)
                0x00000000401013ec                special_flash_read_status
 *fill*         0x0000000040101425        0x3 
 .text.flash_gd25q32c_read_status
                0x0000000040101428       0x33 /home/max/workspace/to_git/experiments/msx_now/build/bootloader/spi_flash/libspi_flash.a(spi_flash.o)
 *fill*         0x000000004010145b        0x1 
 .text.special_flash_write_status
                0x000000004010145c       0x5c /home/max/workspace/to_git/experiments/msx_now/build/bootloader/spi_flash/libspi_flash.a(spi_flash.o)
                                         0x60 (size before relaxing)
                0x000000004010145c                special_flash_write_status
 .text.spi_flash_enable_qio_bit6
                0x00000000401014b8       0x17 /home/max/workspace/to_git/experiments/msx_now/build/bootloader/spi_flash/libspi_flash.a(spi_flash.o)
                                         0x1b (size before relaxing)
 *fill*         0x00000000401014cf        0x1 
 .text.flash_gd25q32c_write_status
                0x00000000401014d0       0x30 /home/max/workspace/to_git/experiments/msx_now/build/bootloader/spi_flash/libspi_flash.a(spi_flash.o)
 .text.flash_gd25q32c_enable_QIO_mode
                0x0000000040101500       0x3e /home/max/workspace/to_git/experiments/msx_now/build/bootloader/spi_flash/libspi_flash.a(spi_flash.o)
                                         0x46 (size before relaxing)
 *fill*         0x000000004010153e        0x2 
 .text.en25q16x_read_sfdp
                0x0000000040101540       0x43 /home/max/workspace/to_git/experiments/msx_now/build/bootloader/spi_flash/libspi_flash.a(spi_flash.o)
                0x0000000040101540                en25q16x_read_sfdp
 *fill*         0x0000000040101583        0x1 
 .text.spi_flash_get_id
                0x0000000040101584       0x26 /home/max/workspace/to_git/experiments/msx_now/build/bootloader/spi_flash/libspi_flash.a(spi_flash.o)
                0x0000000040101584                spi_flash_get_id
 *fill*         0x00000000401015aa        0x2 
 .text.spi_flash_read_status
                0x00000000401015ac       0x28 /home/max/workspace/to_git/experiments/msx_now/build/bootloader/spi_flash/libspi_flash.a(spi_flash.o)
                0x00000000401015ac                spi_flash_read_status
 .text.spi_flash_issi_enable_QIO_mode
                0x00000000401015d4       0x43 /home/max/workspace/to_git/experiments/msx_now/build/bootloader/spi_flash/libspi_flash.a(spi_flash.o)
                                         0x4b (size before relaxing)
 *fill*         0x0000000040101617        0x1 
 .text.special_flash_set_mode
                0x0000000040101618       0x41 /home/max/workspace/to_git/experiments/msx_now/build/bootloader/spi_flash/libspi_flash.a(spi_flash.o)
                                         0x45 (size before relaxing)
                0x0000000040101618                special_flash_set_mode
 *fill*         0x0000000040101659        0x3 
 .text.en25q16x_write_volatile_status
                0x000000004010165c       0x4f /home/max/workspace/to_git/experiments/msx_now/build/bootloader/spi_flash/libspi_flash.a(spi_flash.o)
                                         0x5b (size before relaxing)
                0x000000004010165c                en25q16x_write_volatile_status
 *fill*         0x00000000401016ab        0x1 
 .text.user_spi_flash_dio_to_qio_pre_init
                0x00000000401016ac       0xa3 /home/max/workspace/to_git/experiments/msx_now/build/bootloader/spi_flash/libspi_flash.a(spi_flash.o)
                                         0xb2 (size before relaxing)
                0x00000000401016ac                user_spi_flash_dio_to_qio_pre_init
 *fill*         0x000000004010174f        0x1 
 .text.esp_spi_flash_init
                0x0000000040101750       0xb9 /home/max/workspace/to_git/experiments/msx_now/build/bootloader/spi_flash/libspi_flash.a(spi_flash.o)
                                         0xc1 (size before relaxing)
                0x0000000040101750                esp_spi_flash_init
 *fill*         0x0000000040101809        0x3 
 .text.Cache_Read_Disable_2
                0x000000004010180c       0x34 /home/max/workspace/to_git/experiments/msx_now/build/bootloader/spi_flash/libspi_flash.a(spi_flash_raw.o)
                0x000000004010180c                Cache_Read_Disable_2
 .text.Cache_Read_Enable_2
                0x0000000040101840       0x28 /home/max/workspace/to_git/experiments/msx_now/build/bootloader/spi_flash/libspi_flash.a(spi_flash_raw.o)
                0x0000000040101840                Cache_Read_Enable_New
                0x0000000040101840                Cache_Read_Enable_2
 .text.spi_flash_get_id_raw
                0x0000000040101868       0x41 /home/max/workspace/to_git/experiments/msx_now/build/bootloader/spi_flash/libspi_flash.a(spi_flash_raw.o)
                0x0000000040101868                spi_flash_get_id_raw
 *fill*         0x00000000401018a9        0x3 
 .text.spi_flash_read_status_raw
                0x00000000401018ac       0x2f /home/max/workspace/to_git/experiments/msx_now/build/bootloader/spi_flash/libspi_flash.a(spi_flash_raw.o)
                                         0x33 (size before relaxing)
                0x00000000401018ac                spi_flash_read_status_raw
 *fill*         0x00000000401018db        0x1 
 .text.spi_flash_enable_qmode_raw
                0x00000000401018dc       0x33 /home/max/workspace/to_git/experiments/msx_now/build/bootloader/spi_flash/libspi_flash.a(spi_flash_raw.o)
                                         0x37 (size before relaxing)
                0x00000000401018dc                spi_flash_enable_qmode_raw
 *fill*         0x000000004010190f        0x1 
 .text.spi_user_cmd_raw
                0x0000000040101910      0x3d1 /home/max/workspace/to_git/experiments/msx_now/build/bootloader/spi_flash/libspi_flash.a(spi_flash_raw.o)
                0x0000000040101910                spi_user_cmd_raw
 *fill*         0x0000000040101ce1        0x3 
 .text.spi_flash_switch_to_qio_raw
                0x0000000040101ce4       0x25 /home/max/workspace/to_git/experiments/msx_now/build/bootloader/spi_flash/libspi_flash.a(spi_flash_raw.o)
                0x0000000040101ce4                spi_flash_switch_to_qio_raw
 *fill*         0x0000000040101d09        0x3 
 .text.uart_putc
                0x0000000040101d0c       0x1b /home/max/workspace/to_git/experiments/msx_now/build/bootloader/esp8266/libesp8266.a(ets_printf.o)
 *fill*         0x0000000040101d27        0x1 
 .text.ets_putc
                0x0000000040101d28       0x27 /home/max/workspace/to_git/experiments/msx_now/build/bootloader/esp8266/libesp8266.a(ets_printf.o)
                0x0000000040101d28                ets_putc
 *fill*         0x0000000040101d4f        0x1 
 .text.ets_vprintf
                0x0000000040101d50       0x1f /home/max/workspace/to_git/experiments/msx_now/build/bootloader/esp8266/libesp8266.a(ets_printf.o)
                0x0000000040101d50                ets_vprintf
 *fill*         0x0000000040101d6f        0x1 
 .text.crc32_le
                0x0000000040101d70       0x31 /home/max/workspace/to_git/experiments/msx_now/build/bootloader/esp8266/libesp8266.a(crc.o)
                0x0000000040101d70                crc32_le
 *fill*         0x0000000040101da1        0x3 
 .text.phy_reg_default
                0x0000000040101da4       0x36 /home/max/esp/ESP8266_RTOS_SDK/components/esp8266/lib/libcore.a(phy.o)
                0x0000000040101db4                phy_reg_default
 *fill*         0x0000000040101dda        0x0 
 *fill*         0x0000000040101dda        0x0 
 *fill*         0x0000000040101dda        0x0 
 *fill*         0x0000000040101dda        0x0 
 *fill*         0x0000000040101dda        0x0 
 *fill*         0x0000000040101dda        0x2 
 .text.index_to_partition
                0x0000000040101ddc       0x4d /home/max/workspace/to_git/experiments/msx_now/build/bootloader/bootloader_support/libbootloader_support.a(bootloader_utility.o)
 *fill*         0x0000000040101e29        0x0 
 *fill*         0x0000000040101e29        0x0 
 *fill*         0x0000000040101e29        0x0 
 *fill*         0x0000000040101e29        0x0 
 *fill*         0x0000000040101e29        0x3 
 .text.verify_segment_header
                0x0000000040101e2c        0x4 /home/max/workspace/to_git/experiments/msx_now/build/bootloader/bootloader_support/libbootloader_support.a(esp_image_format.o)
 *fill*         0x0000000040101e30        0x0 
 *fill*         0x0000000040101e30        0x0 
 *fill*         0x0000000040101e30        0x0 
 *fill*         0x0000000040101e30        0x0 
 *fill*         0x0000000040101e30        0x0 
 *fill*         0x0000000040101e30        0x0 
 *fill*         0x0000000040101e30        0x0 
 .text.is_xmc_chip_strict
                0x0000000040101e30       0x58 /home/max/workspace/to_git/experiments/msx_now/build/bootloader/bootloader_support/libbootloader_support.a(bootloader_flash.o)
 *fill*         0x0000000040101e88        0x0 
 *fill*         0x0000000040101e88        0x0 
 *fill*         0x0000000040101e88        0x0 
 *fill*         0x0000000040101e88        0x0 
 *fill*         0x0000000040101e88        0x0 
 *fill*         0x0000000040101e88        0x0 
 *fill*         0x0000000040101e88        0x0 
 *fill*         0x0000000040101e88        0x0 
 *fill*         0x0000000040101e88        0x0 
 *fill*         0x0000000040101e88        0x0 
 *fill*         0x0000000040101e88        0x0 
 *fill*         0x0000000040101e88        0x0 
 *fill*         0x0000000040101e88        0x0 
 *fill*         0x0000000040101e88        0x0 
 *fill*         0x0000000040101e88        0x0 
 *fill*         0x0000000040101e88        0x0 
 *fill*         0x0000000040101e88        0x0 
 *fill*         0x0000000040101e88        0x0 
 *fill*         0x0000000040101e88        0x0 
 *fill*         0x0000000040101e88        0x0 
 *fill*         0x0000000040101e88        0x0 
 *fill*         0x0000000040101e88        0x0 
 *fill*         0x0000000040101e88        0x0 
 *fill*         0x0000000040101e88        0x0 
 *fill*         0x0000000040101e88        0x0 
 *fill*         0x0000000040101e88        0x0 
 *fill*         0x0000000040101e88        0x0 
 *fill*         0x0000000040101e88        0x0 
 *(.iram1 .iram1.*)
 .iram1.0       0x0000000040101e88       0x18 /home/max/workspace/to_git/experiments/msx_now/build/bootloader/log/liblog.a(log.o)
                0x0000000040101e88                esp_log_early_timestamp
 .iram1.1       0x0000000040101ea0       0x96 /home/max/workspace/to_git/experiments/msx_now/build/bootloader/log/liblog.a(log.o)
                                         0xa1 (size before relaxing)
                0x0000000040101ea0                esp_early_log_write
 *fill*         0x0000000040101f36        0x2 
 .iram1.0       0x0000000040101f38       0x35 /home/max/workspace/to_git/experiments/msx_now/build/bootloader/esp8266/libesp8266.a(ets_printf.o)
                                         0x39 (size before relaxing)
                0x0000000040101f38                ets_printf
 *fill*         0x0000000040101f6d        0x0 
 *fill*         0x0000000040101f6d        0x0 
 *(.fini.literal)
 *(.fini)
 *(.gnu.version)
                0x0000000040101f6d                _text_end = ABSOLUTE (.)
                0x0000000040101f6d                _etext = .

.bss            0x000000003ffe8000      0x408
                0x000000003ffe8000                . = ALIGN (0x8)
                0x000000003ffe8000                _bss_start = ABSOLUTE (.)
 *(.dynsbss)
 *(.sbss)
 *(.sbss.*)
 *(.gnu.linkonce.sb.*)
 *(.scommon)
 *(.sbss2)
 *(.sbss2.*)
 *(.gnu.linkonce.sb2.*)
 *(.dynbss)
 *(.bss)
 *(.bss.*)
 .bss.pbuf$3628
                0x000000003ffe8000      0x400 /home/max/workspace/to_git/experiments/msx_now/build/bootloader/bootloader_support/libbootloader_support.a(esp_image_format.o)
 .bss.mapped    0x000000003ffe8400        0x1 /home/max/workspace/to_git/experiments/msx_now/build/bootloader/bootloader_support/libbootloader_support.a(bootloader_flash.o)
 .bss.FlashIsOnGoing
                0x000000003ffe8401        0x1 /home/max/workspace/to_git/experiments/msx_now/build/bootloader/spi_flash/libspi_flash.a(spi_flash.o)
                0x000000003ffe8401                FlashIsOnGoing
 *(.gnu.linkonce.b.*)
 *(COMMON)
                0x000000003ffe8408                . = ALIGN (0x8)
 *fill*         0x000000003ffe8402        0x6 
                0x000000003ffe8408                _bss_end = ABSOLUTE (.)

.data           0x000000003ffe8408       0x18
                0x000000003ffe8408                _data_start = ABSOLUTE (.)
 *(.data)
 *(.data.*)
 .data.g_rom_flashchip
                0x000000003ffe8408       0x18 /home/max/workspace/to_git/experiments/msx_now/build/bootloader/spi_flash/libspi_flash.a(spi_flash.o)
                0x000000003ffe8408                g_rom_flashchip
 *(.gnu.linkonce.d.*)
 *(.data1)
 *(.sdata)
 *(.sdata.*)
 *(.gnu.linkonce.s.*)
 *(.sdata2)
 *(.sdata2.*)
 *(.gnu.linkonce.s2.*)
 *(.jcr)
                0x000000003ffe8420                _data_end = ABSOLUTE (.)

.rodata         0x000000003ffe8420     0x10fc
                0x000000003ffe8420                _rodata_start = ABSOLUTE (.)
 *(.rodata)
 *(.rodata.*)
 .rodata.select_image.str1.4
                0x000000003ffe8420       0x21 /home/max/workspace/to_git/experiments/msx_now/build/bootloader/main/libmain.a(bootloader_start.o)
 *fill*         0x000000003ffe8441        0x3 
 .rodata.call_start_cpu.str1.4
                0x000000003ffe8444       0x14 /home/max/workspace/to_git/experiments/msx_now/build/bootloader/main/libmain.a(bootloader_start.o)
 .rodata.print_flash_info.str1.4
                0x000000003ffe8458       0xd4 /home/max/workspace/to_git/experiments/msx_now/build/bootloader/bootloader_support/libbootloader_support.a(bootloader_init.o)
                                         0xe0 (size before relaxing)
 .rodata.print_flash_info
                0x000000003ffe852c       0x28 /home/max/workspace/to_git/experiments/msx_now/build/bootloader/bootloader_support/libbootloader_support.a(bootloader_init.o)
 .rodata.update_flash_config.str1.4
                0x000000003ffe8554       0x2e /home/max/workspace/to_git/experiments/msx_now/build/bootloader/bootloader_support/libbootloader_support.a(bootloader_init.o)
 *fill*         0x000000003ffe8582        0x2 
 .rodata.bootloader_main.str1.4
                0x000000003ffe8584       0xa2 /home/max/workspace/to_git/experiments/msx_now/build/bootloader/bootloader_support/libbootloader_support.a(bootloader_init.o)
 *fill*         0x000000003ffe8626        0x2 
 .rodata.log_invalid_app_partition.str1.4
                0x000000003ffe8628       0x68 /home/max/workspace/to_git/experiments/msx_now/build/bootloader/bootloader_support/libbootloader_support.a(bootloader_utility.o)
                                         0x70 (size before relaxing)
 .rodata.try_load_partition.str1.4
                0x000000003ffe8690       0x51 /home/max/workspace/to_git/experiments/msx_now/build/bootloader/bootloader_support/libbootloader_support.a(bootloader_utility.o)
 *fill*         0x000000003ffe86e1        0x3 
 .rodata.bootloader_utility_load_partition_table.str1.4
                0x000000003ffe86e4      0x18f /home/max/workspace/to_git/experiments/msx_now/build/bootloader/bootloader_support/libbootloader_support.a(bootloader_utility.o)
 *fill*         0x000000003ffe8873        0x1 
 .rodata.bootloader_utility_get_selected_boot_partition.str1.4
                0x000000003ffe8874      0x1c3 /home/max/workspace/to_git/experiments/msx_now/build/bootloader/bootloader_support/libbootloader_support.a(bootloader_utility.o)
 *fill*         0x000000003ffe8a37        0x1 
 .rodata.bootloader_utility_load_boot_image.str1.4
                0x000000003ffe8a38       0xca /home/max/workspace/to_git/experiments/msx_now/build/bootloader/bootloader_support/libbootloader_support.a(bootloader_utility.o)
 *fill*         0x000000003ffe8b02        0x2 
 .rodata.verify_image_header.str1.4
                0x000000003ffe8b04       0x82 /home/max/workspace/to_git/experiments/msx_now/build/bootloader/bootloader_support/libbootloader_support.a(esp_image_format.o)
 *fill*         0x000000003ffe8b86        0x2 
 .rodata.process_segment_data.str1.4
                0x000000003ffe8b88       0x27 /home/max/workspace/to_git/experiments/msx_now/build/bootloader/bootloader_support/libbootloader_support.a(esp_image_format.o)
 *fill*         0x000000003ffe8baf        0x1 
 .rodata.verify_checksum.str1.4
                0x000000003ffe8bb0       0x57 /home/max/workspace/to_git/experiments/msx_now/build/bootloader/bootloader_support/libbootloader_support.a(esp_image_format.o)
 *fill*         0x000000003ffe8c07        0x1 
 .rodata.process_segment.str1.4
                0x000000003ffe8c08       0xbb /home/max/workspace/to_git/experiments/msx_now/build/bootloader/bootloader_support/libbootloader_support.a(esp_image_format.o)
                                         0xbf (size before relaxing)
 *fill*         0x000000003ffe8cc3        0x1 
 .rodata.esp_image_load.str1.4
                0x000000003ffe8cc4      0x157 /home/max/workspace/to_git/experiments/msx_now/build/bootloader/bootloader_support/libbootloader_support.a(esp_image_format.o)
 *fill*         0x000000003ffe8e1b        0x1 
 .rodata.esp_partition_table_basic_verify.str1.4
                0x000000003ffe8e1c       0xdc /home/max/workspace/to_git/experiments/msx_now/build/bootloader/bootloader_support/libbootloader_support.a(flash_partitions.o)
 .rodata.bootloader_mmap.str1.4
                0x000000003ffe8ef8       0x57 /home/max/workspace/to_git/experiments/msx_now/build/bootloader/bootloader_support/libbootloader_support.a(bootloader_flash.o)
 *fill*         0x000000003ffe8f4f        0x1 
 .rodata.bootloader_flash_read.str1.4
                0x000000003ffe8f50       0x9f /home/max/workspace/to_git/experiments/msx_now/build/bootloader/bootloader_support/libbootloader_support.a(bootloader_flash.o)
 *fill*         0x000000003ffe8fef        0x1 
 .rodata.bootloader_execute_flash_command.str1.4
                0x000000003ffe8ff0       0x19 /home/max/workspace/to_git/experiments/msx_now/build/bootloader/bootloader_support/libbootloader_support.a(bootloader_flash.o)
 *fill*         0x000000003ffe9009        0x3 
 .rodata.bootloader_flash_read_sfdp.str1.4
                0x000000003ffe900c       0x14 /home/max/workspace/to_git/experiments/msx_now/build/bootloader/bootloader_support/libbootloader_support.a(bootloader_flash.o)
 .rodata.bootloader_flash_xmc_startup.str1.4
                0x000000003ffe9020       0x8b /home/max/workspace/to_git/experiments/msx_now/build/bootloader/bootloader_support/libbootloader_support.a(bootloader_flash.o)
 *fill*         0x000000003ffe90ab        0x1 
 .rodata.esp_spi_flash_init.str1.4
                0x000000003ffe90ac       0x29 /home/max/workspace/to_git/experiments/msx_now/build/bootloader/spi_flash/libspi_flash.a(spi_flash.o)
 *fill*         0x000000003ffe90d5        0x3 
 .rodata.str1.4
                0x000000003ffe90d8       0x24 /home/max/workspace/to_git/experiments/msx_now/build/bootloader/log/liblog.a(log.o)
                                         0x22 (size before relaxing)
 .rodata.s_log_prefix
                0x000000003ffe90fc        0x6 /home/max/workspace/to_git/experiments/msx_now/build/bootloader/log/liblog.a(log.o)
 *fill*         0x000000003ffe9102        0x2 
 .rodata.s_log_color
                0x000000003ffe9104       0x18 /home/max/workspace/to_git/experiments/msx_now/build/bootloader/log/liblog.a(log.o)
 .rodata.crc32_le_table
                0x000000003ffe911c      0x400 /home/max/workspace/to_git/experiments/msx_now/build/bootloader/esp8266/libesp8266.a(crc.o)
 *(.gnu.linkonce.r.*)
 *(.rodata1)
                0x000000003ffe951c                __XT_EXCEPTION_TABLE_ = ABSOLUTE (.)
 *(.xt_except_table)
 *(.gcc_except_table)
 *(.gnu.linkonce.e.*)
 *(.gnu.version_r)
 *(.eh_frame)
                0x000000003ffe951c                . = ((. + 0x3) & 0xfffffffffffffffc)
                0x000000003ffe951c                __init_array_start = ABSOLUTE (.)
 *crtbegin.o(.ctors)
 *(EXCLUDE_FILE(*crtend.o) .ctors)
 *(SORT_BY_NAME(.ctors.*))
 *(.ctors)
                0x000000003ffe951c                __init_array_end = ABSOLUTE (.)
 *crtbegin.o(.dtors)
 *(EXCLUDE_FILE(*crtend.o) .dtors)
 *(SORT_BY_NAME(.dtors.*))
 *(.dtors)
                0x000000003ffe951c                __XT_EXCEPTION_DESCS_ = ABSOLUTE (.)
 *(.xt_except_desc)
 *(.gnu.linkonce.h.*)
                0x000000003ffe951c                __XT_EXCEPTION_DESCS_END__ = ABSOLUTE (.)
 *(.xt_except_desc_end)
 *(.dynamic)
 *(.gnu.version_d)
                0x000000003ffe951c                _rodata_end = ABSOLUTE (.)
                0x000000003ffe951c                _lit4_start = ABSOLUTE (.)
 *(*.lit4)
 *(.lit4.*)
 *(.gnu.linkonce.lit4.*)
                0x000000003ffe951c                _lit4_end = ABSOLUTE (.)
                0x000000003ffe951c                . = ALIGN (0x4)
                0x000000003ffe951c                _heap_start = ABSOLUTE (.)
                0x0000000060001100                PROVIDE (rtc_sys_info = 0x60001100)
                0x00000000400040c0                PROVIDE (SPI_sector_erase = 0x400040c0)
                0x0000000040004174                PROVIDE (SPI_page_program = 0x40004174)
                0x00000000400042ac                PROVIDE (SPI_read_data = 0x400042ac)
                0x00000000400043c8                PROVIDE (SPI_read_status = 0x400043c8)
                0x0000000040004400                PROVIDE (SPI_write_status = 0x40004400)
                0x000000004000443c                PROVIDE (SPI_write_enable = 0x4000443c)
                0x000000004000448c                PROVIDE (Wait_SPI_Idle = 0x4000448c)
                0x00000000400044c0                PROVIDE (Enable_QMode = 0x400044c0)
                [!provide]                        PROVIDE (Disable_QMode = 0x40004508)
                0x0000000040004678                PROVIDE (Cache_Read_Enable = 0x40004678)
                0x00000000400047f0                PROVIDE (Cache_Read_Disable = 0x400047f0)
                [!provide]                        PROVIDE (lldesc_build_chain = 0x40004f40)
                [!provide]                        PROVIDE (lldesc_num2link = 0x40005050)
                [!provide]                        PROVIDE (lldesc_set_owner = 0x4000507c)
                0x000000004000c538                __adddf3 = 0x4000c538
                0x000000004000c180                __addsf3 = 0x4000c180
                0x000000004000cb94                __divdf3 = 0x4000cb94
                0x000000004000ce60                __divdi3 = 0x4000ce60
                0x000000004000dc88                __divsi3 = 0x4000dc88
                0x000000004000cdfc                __extendsfdf2 = 0x4000cdfc
                0x000000004000ccb8                __fixdfsi = 0x4000ccb8
                0x000000004000cd00                __fixunsdfsi = 0x4000cd00
                0x000000004000c4c4                __fixunssfsi = 0x4000c4c4
                0x000000004000e2f0                __floatsidf = 0x4000e2f0
                0x000000004000e2ac                __floatsisf = 0x4000e2ac
                0x000000004000e2e8                __floatunsidf = 0x4000e2e8
                0x000000004000e2a4                __floatunsisf = 0x4000e2a4
                0x000000004000c8f0                __muldf3 = 0x4000c8f0
                0x0000000040000650                __muldi3 = 0x40000650
                0x000000004000c3dc                __mulsf3 = 0x4000c3dc
                0x000000004000c688                __subdf3 = 0x4000c688
                0x000000004000c268                __subsf3 = 0x4000c268
                0x000000004000cd5c                __truncdfsf2 = 0x4000cd5c
                0x000000004000d310                __udivdi3 = 0x4000d310
                0x000000004000e21c                __udivsi3 = 0x4000e21c
                0x000000004000d770                __umoddi3 = 0x4000d770
                0x000000004000e268                __umodsi3 = 0x4000e268
                0x000000004000dcf0                __umulsidi3 = 0x4000dcf0
                0x000000004000de84                bzero = 0x4000de84
                0x000000004000dea8                memcmp = 0x4000dea8
                0x000000004000df48                memcpy = 0x4000df48
                0x000000004000e04c                memmove = 0x4000e04c
                0x000000004000e190                memset = 0x4000e190
                0x000000004000bdc8                strcmp = 0x4000bdc8
                0x000000004000bec8                strcpy = 0x4000bec8
                0x000000004000bf4c                strlen = 0x4000bf4c
                0x000000004000bfa8                strncmp = 0x4000bfa8
                0x000000004000c0a0                strncpy = 0x4000c0a0
                0x000000004000e1e0                strstr = 0x4000e1e0
                0x0000000040004cf0                PROVIDE (gpio_input_get = 0x40004cf0)
                [!provide]                        PROVIDE (gpio_pin_wakeup_disable = 0x40004ed4)
                [!provide]                        PROVIDE (gpio_pin_wakeup_enable = 0x40004e90)
                0x0000000040001f00                PROVIDE (ets_io_vprintf = 0x40001f00)
                [!provide]                        PROVIDE (uart_rx_one_char = 0x40003b8c)
                [!provide]                        PROVIDE (rom_i2c_readReg = 0x40007268)
                [!provide]                        PROVIDE (rom_i2c_readReg_Mask = 0x4000729c)
                [!provide]                        PROVIDE (rom_i2c_writeReg = 0x400072d8)
                [!provide]                        PROVIDE (rom_i2c_writeReg_Mask = 0x4000730c)
                [!provide]                        PROVIDE (rom_software_reboot = 0x40000080)
                [!provide]                        PROVIDE (ets_memcpy = 0x400018b4)
                0x0000000040004b1c                PROVIDE (SPIRead = 0x40004b1c)
                0x0000000040004a4c                PROVIDE (SPIWrite = 0x40004a4c)
                0x0000000040004a00                PROVIDE (SPIEraseSector = 0x40004a00)
                [!provide]                        PROVIDE (gpio_input_get = 0x40004cf0)
                [!provide]                        PROVIDE (xthal_get_ccount = 0x4000dd38)
                [!provide]                        PROVIDE (uart_div_modify = 0x400039d8)
                [!provide]                        PROVIDE (ets_io_vprintf = 0x40001f00)
                0x0000000040002ecc                PROVIDE (ets_rom_delay_us = 0x40002ecc)
OUTPUT(/home/max/workspace/to_git/experiments/msx_now/build/bootloader/bootloader.elf elf32-xtensa-le)

.debug_frame    0x0000000000000000      0xb7c
 .debug_frame   0x0000000000000000       0x74 /home/max/workspace/to_git/experiments/msx_now/build/bootloader/main/libmain.a(bootloader_start.o)
 .debug_frame   0x0000000000000074       0x98 /home/max/workspace/to_git/experiments/msx_now/build/bootloader/bootloader_support/libbootloader_support.a(bootloader_init.o)
 .debug_frame   0x000000000000010c      0x144 /home/max/workspace/to_git/experiments/msx_now/build/bootloader/bootloader_support/libbootloader_support.a(bootloader_utility.o)
 .debug_frame   0x0000000000000250      0x13c /home/max/workspace/to_git/experiments/msx_now/build/bootloader/bootloader_support/libbootloader_support.a(esp_image_format.o)
 .debug_frame   0x000000000000038c       0x38 /home/max/workspace/to_git/experiments/msx_now/build/bootloader/bootloader_support/libbootloader_support.a(flash_partitions.o)
 .debug_frame   0x00000000000003c4       0x74 /home/max/workspace/to_git/experiments/msx_now/build/bootloader/bootloader_support/libbootloader_support.a(bootloader_common.o)
 .debug_frame   0x0000000000000438      0x170 /home/max/workspace/to_git/experiments/msx_now/build/bootloader/bootloader_support/libbootloader_support.a(bootloader_flash.o)
 .debug_frame   0x00000000000005a8      0x350 /home/max/workspace/to_git/experiments/msx_now/build/bootloader/spi_flash/libspi_flash.a(spi_flash.o)
 .debug_frame   0x00000000000008f8      0x16c /home/max/workspace/to_git/experiments/msx_now/build/bootloader/spi_flash/libspi_flash.a(spi_flash_raw.o)
 .debug_frame   0x0000000000000a64       0x58 /home/max/workspace/to_git/experiments/msx_now/build/bootloader/log/liblog.a(log.o)
 .debug_frame   0x0000000000000abc       0x80 /home/max/workspace/to_git/experiments/msx_now/build/bootloader/esp8266/libesp8266.a(ets_printf.o)
 .debug_frame   0x0000000000000b3c       0x40 /home/max/workspace/to_git/experiments/msx_now/build/bootloader/esp8266/libesp8266.a(crc.o)

.debug_info     0x0000000000000000     0xd12f
 .debug_info    0x0000000000000000      0xe13 /home/max/workspace/to_git/experiments/msx_now/build/bootloader/main/libmain.a(bootloader_start.o)
 .debug_info    0x0000000000000e13      0xf17 /home/max/workspace/to_git/experiments/msx_now/build/bootloader/bootloader_support/libbootloader_support.a(bootloader_init.o)
 .debug_info    0x0000000000001d2a     0x1908 /home/max/workspace/to_git/experiments/msx_now/build/bootloader/bootloader_support/libbootloader_support.a(bootloader_utility.o)
 .debug_info    0x0000000000003632     0x1799 /home/max/workspace/to_git/experiments/msx_now/build/bootloader/bootloader_support/libbootloader_support.a(esp_image_format.o)
 .debug_info    0x0000000000004dcb      0xcd0 /home/max/workspace/to_git/experiments/msx_now/build/bootloader/bootloader_support/libbootloader_support.a(flash_partitions.o)
 .debug_info    0x0000000000005a9b     0x1357 /home/max/workspace/to_git/experiments/msx_now/build/bootloader/bootloader_support/libbootloader_support.a(bootloader_common.o)
 .debug_info    0x0000000000006df2     0x1406 /home/max/workspace/to_git/experiments/msx_now/build/bootloader/bootloader_support/libbootloader_support.a(bootloader_flash.o)
 .debug_info    0x00000000000081f8     0x1e3a /home/max/workspace/to_git/experiments/msx_now/build/bootloader/spi_flash/libspi_flash.a(spi_flash.o)
 .debug_info    0x000000000000a032     0x1096 /home/max/workspace/to_git/experiments/msx_now/build/bootloader/spi_flash/libspi_flash.a(spi_flash_raw.o)
 .debug_info    0x000000000000b0c8     0x12ba /home/max/workspace/to_git/experiments/msx_now/build/bootloader/log/liblog.a(log.o)
 .debug_info    0x000000000000c382      0xb66 /home/max/workspace/to_git/experiments/msx_now/build/bootloader/esp8266/libesp8266.a(ets_printf.o)
 .debug_info    0x000000000000cee8      0x247 /home/max/workspace/to_git/experiments/msx_now/build/bootloader/esp8266/libesp8266.a(crc.o)

.debug_abbrev   0x0000000000000000     0x223a
 .debug_abbrev  0x0000000000000000      0x307 /home/max/workspace/to_git/experiments/msx_now/build/bootloader/main/libmain.a(bootloader_start.o)
 .debug_abbrev  0x0000000000000307      0x2f2 /home/max/workspace/to_git/experiments/msx_now/build/bootloader/bootloader_support/libbootloader_support.a(bootloader_init.o)
 .debug_abbrev  0x00000000000005f9      0x34e /home/max/workspace/to_git/experiments/msx_now/build/bootloader/bootloader_support/libbootloader_support.a(bootloader_utility.o)
 .debug_abbrev  0x0000000000000947      0x316 /home/max/workspace/to_git/experiments/msx_now/build/bootloader/bootloader_support/libbootloader_support.a(esp_image_format.o)
 .debug_abbrev  0x0000000000000c5d      0x271 /home/max/workspace/to_git/experiments/msx_now/build/bootloader/bootloader_support/libbootloader_support.a(flash_partitions.o)
 .debug_abbrev  0x0000000000000ece      0x2d4 /home/max/workspace/to_git/experiments/msx_now/build/bootloader/bootloader_support/libbootloader_support.a(bootloader_common.o)
 .debug_abbrev  0x00000000000011a2      0x308 /home/max/workspace/to_git/experiments/msx_now/build/bootloader/bootloader_support/libbootloader_support.a(bootloader_flash.o)
 .debug_abbrev  0x00000000000014aa      0x45b /home/max/workspace/to_git/experiments/msx_now/build/bootloader/spi_flash/libspi_flash.a(spi_flash.o)
 .debug_abbrev  0x0000000000001905      0x29f /home/max/workspace/to_git/experiments/msx_now/build/bootloader/spi_flash/libspi_flash.a(spi_flash_raw.o)
 .debug_abbrev  0x0000000000001ba4      0x315 /home/max/workspace/to_git/experiments/msx_now/build/bootloader/log/liblog.a(log.o)
 .debug_abbrev  0x0000000000001eb9      0x2a2 /home/max/workspace/to_git/experiments/msx_now/build/bootloader/esp8266/libesp8266.a(ets_printf.o)
 .debug_abbrev  0x000000000000215b       0xdf /home/max/workspace/to_git/experiments/msx_now/build/bootloader/esp8266/libesp8266.a(crc.o)

.debug_loc      0x0000000000000000     0x3bbf
 .debug_loc     0x0000000000000000       0xc5 /home/max/workspace/to_git/experiments/msx_now/build/bootloader/main/libmain.a(bootloader_start.o)
 .debug_loc     0x00000000000000c5       0xde /home/max/workspace/to_git/experiments/msx_now/build/bootloader/bootloader_support/libbootloader_support.a(bootloader_init.o)
 .debug_loc     0x00000000000001a3      0x80a /home/max/workspace/to_git/experiments/msx_now/build/bootloader/bootloader_support/libbootloader_support.a(bootloader_utility.o)
 .debug_loc     0x00000000000009ad      0xb0d /home/max/workspace/to_git/experiments/msx_now/build/bootloader/bootloader_support/libbootloader_support.a(esp_image_format.o)
 .debug_loc     0x00000000000014ba      0x11a /home/max/workspace/to_git/experiments/msx_now/build/bootloader/bootloader_support/libbootloader_support.a(flash_partitions.o)
 .debug_loc     0x00000000000015d4      0x18f /home/max/workspace/to_git/experiments/msx_now/build/bootloader/bootloader_support/libbootloader_support.a(bootloader_common.o)
 .debug_loc     0x0000000000001763      0x842 /home/max/workspace/to_git/experiments/msx_now/build/bootloader/bootloader_support/libbootloader_support.a(bootloader_flash.o)
 .debug_loc     0x0000000000001fa5     0x11ff /home/max/workspace/to_git/experiments/msx_now/build/bootloader/spi_flash/libspi_flash.a(spi_flash.o)
 .debug_loc     0x00000000000031a4      0x663 /home/max/workspace/to_git/experiments/msx_now/build/bootloader/spi_flash/libspi_flash.a(spi_flash_raw.o)
 .debug_loc     0x0000000000003807      0x119 /home/max/workspace/to_git/experiments/msx_now/build/bootloader/log/liblog.a(log.o)
 .debug_loc     0x0000000000003920       0xe9 /home/max/workspace/to_git/experiments/msx_now/build/bootloader/esp8266/libesp8266.a(ets_printf.o)
 .debug_loc     0x0000000000003a09      0x1b6 /home/max/workspace/to_git/experiments/msx_now/build/bootloader/esp8266/libesp8266.a(crc.o)

.debug_aranges  0x0000000000000000      0x3d0
 .debug_aranges
                0x0000000000000000       0x30 /home/max/workspace/to_git/experiments/msx_now/build/bootloader/main/libmain.a(bootloader_start.o)
 .debug_aranges
                0x0000000000000030       0x38 /home/max/workspace/to_git/experiments/msx_now/build/bootloader/bootloader_support/libbootloader_support.a(bootloader_init.o)
 .debug_aranges
                0x0000000000000068       0x60 /home/max/workspace/to_git/experiments/msx_now/build/bootloader/bootloader_support/libbootloader_support.a(bootloader_utility.o)
 .debug_aranges
                0x00000000000000c8       0x60 /home/max/workspace/to_git/experiments/msx_now/build/bootloader/bootloader_support/libbootloader_support.a(esp_image_format.o)
 .debug_aranges
                0x0000000000000128       0x20 /home/max/workspace/to_git/experiments/msx_now/build/bootloader/bootloader_support/libbootloader_support.a(flash_partitions.o)
 .debug_aranges
                0x0000000000000148       0x30 /home/max/workspace/to_git/experiments/msx_now/build/bootloader/bootloader_support/libbootloader_support.a(bootloader_common.o)
 .debug_aranges
                0x0000000000000178       0x70 /home/max/workspace/to_git/experiments/msx_now/build/bootloader/bootloader_support/libbootloader_support.a(bootloader_flash.o)
 .debug_aranges
                0x00000000000001e8       0xe8 /home/max/workspace/to_git/experiments/msx_now/build/bootloader/spi_flash/libspi_flash.a(spi_flash.o)
 .debug_aranges
                0x00000000000002d0       0x70 /home/max/workspace/to_git/experiments/msx_now/build/bootloader/spi_flash/libspi_flash.a(spi_flash_raw.o)
 .debug_aranges
                0x0000000000000340       0x28 /home/max/workspace/to_git/experiments/msx_now/build/bootloader/log/liblog.a(log.o)
 .debug_aranges
                0x0000000000000368       0x38 /home/max/workspace/to_git/experiments/msx_now/build/bootloader/esp8266/libesp8266.a(ets_printf.o)
 .debug_aranges
                0x00000000000003a0       0x30 /home/max/workspace/to_git/experiments/msx_now/build/bootloader/esp8266/libesp8266.a(crc.o)

.debug_ranges   0x0000000000000000      0x340
 .debug_ranges  0x0000000000000000       0x20 /home/max/workspace/to_git/experiments/msx_now/build/bootloader/main/libmain.a(bootloader_start.o)
 .debug_ranges  0x0000000000000020       0x28 /home/max/workspace/to_git/experiments/msx_now/build/bootloader/bootloader_support/libbootloader_support.a(bootloader_init.o)
 .debug_ranges  0x0000000000000048       0x50 /home/max/workspace/to_git/experiments/msx_now/build/bootloader/bootloader_support/libbootloader_support.a(bootloader_utility.o)
 .debug_ranges  0x0000000000000098       0x68 /home/max/workspace/to_git/experiments/msx_now/build/bootloader/bootloader_support/libbootloader_support.a(esp_image_format.o)
 .debug_ranges  0x0000000000000100       0x10 /home/max/workspace/to_git/experiments/msx_now/build/bootloader/bootloader_support/libbootloader_support.a(flash_partitions.o)
 .debug_ranges  0x0000000000000110       0x20 /home/max/workspace/to_git/experiments/msx_now/build/bootloader/bootloader_support/libbootloader_support.a(bootloader_common.o)
 .debug_ranges  0x0000000000000130       0x60 /home/max/workspace/to_git/experiments/msx_now/build/bootloader/bootloader_support/libbootloader_support.a(bootloader_flash.o)
 .debug_ranges  0x0000000000000190       0xf0 /home/max/workspace/to_git/experiments/msx_now/build/bootloader/spi_flash/libspi_flash.a(spi_flash.o)
 .debug_ranges  0x0000000000000280       0x60 /home/max/workspace/to_git/experiments/msx_now/build/bootloader/spi_flash/libspi_flash.a(spi_flash_raw.o)
 .debug_ranges  0x00000000000002e0       0x18 /home/max/workspace/to_git/experiments/msx_now/build/bootloader/log/liblog.a(log.o)
 .debug_ranges  0x00000000000002f8       0x28 /home/max/workspace/to_git/experiments/msx_now/build/bootloader/esp8266/libesp8266.a(ets_printf.o)
 .debug_ranges  0x0000000000000320       0x20 /home/max/workspace/to_git/experiments/msx_now/build/bootloader/esp8266/libesp8266.a(crc.o)

.debug_line     0x0000000000000000     0x83c2
 .debug_line    0x0000000000000000      0x556 /home/max/workspace/to_git/experiments/msx_now/build/bootloader/main/libmain.a(bootloader_start.o)
 .debug_line    0x0000000000000556      0x7cc /home/max/workspace/to_git/experiments/msx_now/build/bootloader/bootloader_support/libbootloader_support.a(bootloader_init.o)
 .debug_line    0x0000000000000d22     0x13f7 /home/max/workspace/to_git/experiments/msx_now/build/bootloader/bootloader_support/libbootloader_support.a(bootloader_utility.o)
 .debug_line    0x0000000000002119     0x11b8 /home/max/workspace/to_git/experiments/msx_now/build/bootloader/bootloader_support/libbootloader_support.a(esp_image_format.o)
 .debug_line    0x00000000000032d1      0x5a5 /home/max/workspace/to_git/experiments/msx_now/build/bootloader/bootloader_support/libbootloader_support.a(flash_partitions.o)
 .debug_line    0x0000000000003876      0x625 /home/max/workspace/to_git/experiments/msx_now/build/bootloader/bootloader_support/libbootloader_support.a(bootloader_common.o)
 .debug_line    0x0000000000003e9b      0xefc /home/max/workspace/to_git/experiments/msx_now/build/bootloader/bootloader_support/libbootloader_support.a(bootloader_flash.o)
 .debug_line    0x0000000000004d97     0x1f19 /home/max/workspace/to_git/experiments/msx_now/build/bootloader/spi_flash/libspi_flash.a(spi_flash.o)
 .debug_line    0x0000000000006cb0      0xb57 /home/max/workspace/to_git/experiments/msx_now/build/bootloader/spi_flash/libspi_flash.a(spi_flash_raw.o)
 .debug_line    0x0000000000007807      0x4c5 /home/max/workspace/to_git/experiments/msx_now/build/bootloader/log/liblog.a(log.o)
 .debug_line    0x0000000000007ccc      0x3aa /home/max/workspace/to_git/experiments/msx_now/build/bootloader/esp8266/libesp8266.a(ets_printf.o)
 .debug_line    0x0000000000008076      0x34c /home/max/workspace/to_git/experiments/msx_now/build/bootloader/esp8266/libesp8266.a(crc.o)

.debug_str      0x0000000000000000     0x268e
 .debug_str     0x0000000000000000      0x858 /home/max/workspace/to_git/experiments/msx_now/build/bootloader/main/libmain.a(bootloader_start.o)
                                        0x92d (size before relaxing)
 .debug_str     0x0000000000000858      0x382 /home/max/workspace/to_git/experiments/msx_now/build/bootloader/bootloader_support/libbootloader_support.a(bootloader_init.o)
                                        0xa4b (size before relaxing)
 .debug_str     0x0000000000000bda      0x2e3 /home/max/workspace/to_git/experiments/msx_now/build/bootloader/bootloader_support/libbootloader_support.a(bootloader_utility.o)
                                        0xbbc (size before relaxing)
 .debug_str     0x0000000000000ebd      0x1cf /home/max/workspace/to_git/experiments/msx_now/build/bootloader/bootloader_support/libbootloader_support.a(esp_image_format.o)
                                        0xbaa (size before relaxing)
 .debug_str     0x000000000000108c       0x7e /home/max/workspace/to_git/experiments/msx_now/build/bootloader/bootloader_support/libbootloader_support.a(flash_partitions.o)
                                        0x7d8 (size before relaxing)
 .debug_str     0x000000000000110a      0xab6 /home/max/workspace/to_git/experiments/msx_now/build/bootloader/bootloader_support/libbootloader_support.a(bootloader_common.o)
                                       0x10fe (size before relaxing)
 .debug_str     0x0000000000001bc0      0x289 /home/max/workspace/to_git/experiments/msx_now/build/bootloader/bootloader_support/libbootloader_support.a(bootloader_flash.o)
                                        0x9e0 (size before relaxing)
 .debug_str     0x0000000000001e49      0x4bb /home/max/workspace/to_git/experiments/msx_now/build/bootloader/spi_flash/libspi_flash.a(spi_flash.o)
                                        0xd42 (size before relaxing)
 .debug_str     0x0000000000002304      0x126 /home/max/workspace/to_git/experiments/msx_now/build/bootloader/spi_flash/libspi_flash.a(spi_flash_raw.o)
                                        0x8d7 (size before relaxing)
 .debug_str     0x000000000000242a      0x12e /home/max/workspace/to_git/experiments/msx_now/build/bootloader/log/liblog.a(log.o)
                                       0x1053 (size before relaxing)
 .debug_str     0x0000000000002558       0xb9 /home/max/workspace/to_git/experiments/msx_now/build/bootloader/esp8266/libesp8266.a(ets_printf.o)
                                        0x6b8 (size before relaxing)
 .debug_str     0x0000000000002611       0x7d /home/max/workspace/to_git/experiments/msx_now/build/bootloader/esp8266/libesp8266.a(crc.o)
                                        0x1e0 (size before relaxing)

.comment        0x0000000000000000       0x6b
 .comment       0x0000000000000000       0x31 /home/max/workspace/to_git/experiments/msx_now/build/bootloader/main/libmain.a(bootloader_start.o)
                                         0x32 (size before relaxing)
 .comment       0x0000000000000031       0x32 /home/max/workspace/to_git/experiments/msx_now/build/bootloader/bootloader_support/libbootloader_support.a(bootloader_init.o)
 .comment       0x0000000000000031       0x32 /home/max/workspace/to_git/experiments/msx_now/build/bootloader/bootloader_support/libbootloader_support.a(bootloader_utility.o)
 .comment       0x0000000000000031       0x32 /home/max/workspace/to_git/experiments/msx_now/build/bootloader/bootloader_support/libbootloader_support.a(esp_image_format.o)
 .comment       0x0000000000000031       0x32 /home/max/workspace/to_git/experiments/msx_now/build/bootloader/bootloader_support/libbootloader_support.a(flash_partitions.o)
 .comment       0x0000000000000031       0x32 /home/max/workspace/to_git/experiments/msx_now/build/bootloader/bootloader_support/libbootloader_support.a(bootloader_common.o)
 .comment       0x0000000000000031       0x32 /home/max/workspace/to_git/experiments/msx_now/build/bootloader/bootloader_support/libbootloader_support.a(bootloader_flash.o)
 .comment       0x0000000000000031       0x32 /home/max/workspace/to_git/experiments/msx_now/build/bootloader/spi_flash/libspi_flash.a(spi_flash.o)
 .comment       0x0000000000000031       0x32 /home/max/workspace/to_git/experiments/msx_now/build/bootloader/spi_flash/libspi_flash.a(spi_flash_raw.o)
 .comment       0x0000000000000031       0x32 /home/max/workspace/to_git/experiments/msx_now/build/bootloader/log/liblog.a(log.o)
 .comment       0x0000000000000031       0x32 /home/max/workspace/to_git/experiments/msx_now/build/bootloader/esp8266/libesp8266.a(ets_printf.o)
 .comment       0x0000000000000031       0x32 /home/max/workspace/to_git/experiments/msx_now/build/bootloader/esp8266/libesp8266.a(crc.o)
 .comment       0x0000000000000031       0x3a /home/max/esp/ESP8266_RTOS_SDK/components/esp8266/lib/libcore.a(phy.o)
                                         0x3b (size before relaxing)

.xtensa.info    0x0000000000000000       0x38
 .xtensa.info   0x0000000000000000       0x38 /home/max/workspace/to_git/experiments/msx_now/build/bootloader/main/libmain.a(bootloader_start.o)
 .xtensa.info   0x0000000000000038        0x0 /home/max/workspace/to_git/experiments/msx_now/build/bootloader/bootloader_support/libbootloader_support.a(bootloader_init.o)
 .xtensa.info   0x0000000000000038        0x0 /home/max/workspace/to_git/experiments/msx_now/build/bootloader/bootloader_support/libbootloader_support.a(bootloader_utility.o)
 .xtensa.info   0x0000000000000038        0x0 /home/max/workspace/to_git/experiments/msx_now/build/bootloader/bootloader_support/libbootloader_support.a(esp_image_format.o)
 .xtensa.info   0x0000000000000038        0x0 /home/max/workspace/to_git/experiments/msx_now/build/bootloader/bootloader_support/libbootloader_support.a(flash_partitions.o)
 .xtensa.info   0x0000000000000038        0x0 /home/max/workspace/to_git/experiments/msx_now/build/bootloader/bootloader_support/libbootloader_support.a(bootloader_common.o)
 .xtensa.info   0x0000000000000038        0x0 /home/max/workspace/to_git/experiments/msx_now/build/bootloader/bootloader_support/libbootloader_support.a(bootloader_flash.o)
 .xtensa.info   0x0000000000000038        0x0 /home/max/workspace/to_git/experiments/msx_now/build/bootloader/spi_flash/libspi_flash.a(spi_flash.o)
 .xtensa.info   0x0000000000000038        0x0 /home/max/workspace/to_git/experiments/msx_now/build/bootloader/spi_flash/libspi_flash.a(spi_flash_raw.o)
 .xtensa.info   0x0000000000000038        0x0 /home/max/workspace/to_git/experiments/msx_now/build/bootloader/log/liblog.a(log.o)
 .xtensa.info   0x0000000000000038        0x0 /home/max/workspace/to_git/experiments/msx_now/build/bootloader/esp8266/libesp8266.a(ets_printf.o)
 .xtensa.info   0x0000000000000038        0x0 /home/max/workspace/to_git/experiments/msx_now/build/bootloader/esp8266/libesp8266.a(crc.o)
 .xtensa.info   0x0000000000000038        0x0 /home/max/workspace/to_git/experiments/msx_now/build/bootloader/esp8266/libesp8266.a(esp_fast_boot.o)
 .xtensa.info   0x0000000000000038        0x0 /home/max/esp/ESP8266_RTOS_SDK/components/esp8266/lib/libcore.a(phy.o)
